......
......
......
......
......
H.....

......
......
......
......
......
1H....

......
......
......
......
......
.1H...

......
......
......
......
......
..1H..

......
......
......
......
......
...1H.

......
......
......
......
....H.
...1..

......
......
......
....H.
....1.
......

......
......
....H.
....1.
......
......

......
....H.
....1.
......
......
......

......
...H..
....1.
......
......
......

......
..H1..
......
......
......
......

......
.H1...
......
......
......
......

......
..1...
.H....
......
......
......

......
..1...
..H...
......
......
......

......
..1...
...H..
......
......
......

......
......
...1H.
......
......
......

......
......
....1H
......
......
......

......
......
....1.
.....H
......
......

......
......
....1.
....H.
......
......

......
......
....1.
...H..
......
......

......
......
......
..H1..
......
......

......
......
......
.H1...
......
......

......
......
......
H1....
......
......

......
......
......
.H....
......
......

......
......
......
.1H...
......
......
